// Jest Snapshot v1, https://goo.gl/fbAQLP

exports[`Loader Component Snapshots Loader matches Snapshot 1`] = `
<div
  className="loader-container"
>
  <div
    className="loader"
  >
    <svg
      className="circle"
      viewBox="0 0 50 50"
    >
      <circle
        className="path"
        cx={25}
        cy={25}
        fill="none"
        r={20}
        strokeMiterlimit={10}
        strokeWidth={3}
      />
    </svg>
  </div>
</div>
`;
